#
# There is insufficient memory for the Java Runtime Environment to continue.
# Native memory allocation (mmap) failed to map 536870912 bytes. Error detail: G1 virtual space
# Possible reasons:
#   The system is out of physical RAM or swap space
#   This process is running with CompressedOops enabled, and the Java Heap may be blocking the growth of the native heap
# Possible solutions:
#   Reduce memory load on the system
#   Increase physical memory or swap space
#   Check if swap backing store is full
#   Decrease Java heap size (-Xmx/-Xms)
#   Decrease number of Java threads
#   Decrease Java thread stack sizes (-Xss)
#   Set larger code cache with -XX:ReservedCodeCacheSize=
#   JVM is running with Zero Based Compressed Oops mode in which the Java heap is
#     placed in the first 32GB address space. The Java Heap base address is the
#     maximum limit for the native heap growth. Please use -XX:HeapBaseMinAddress
#     to set the Java Heap base and to place the Java Heap above 32GB virtual address.
# This output file may be truncated or incomplete.
#
#  Out of Memory Error (os_windows.cpp:3925), pid=24080, tid=936
#
# JRE version:  (21.0.8) (build )
# Java VM: OpenJDK 64-Bit Server VM (21.0.8+-14196175-b1038.72, mixed mode, sharing, tiered, compressed oops, compressed class ptrs, g1 gc, windows-amd64)
# No core dump will be written. Minidumps are not enabled by default on client versions of Windows
#

---------------  S U M M A R Y ------------

Command Line: git4idea.http.GitAskPassApp Username for 'https://github.com': 

Host: Intel(R) Core(TM) i9-9880H CPU @ 2.30GHz, 16 cores, 31G,  Windows 11 , 64 bit Build 26100 (10.0.26100.7705)
Time: Mon Mar  2 01:19:20 2026 Maroc elapsed time: 1.945470 seconds (0d 0h 0m 1s)

---------------  T H R E A D  ---------------

Current thread (0x000001aa11042c90):  JavaThread "Unknown thread" [_thread_in_vm, id=936, stack(0x000000730c600000,0x000000730c700000) (1024K)]

Stack: [0x000000730c600000,0x000000730c700000]
Native frames: (J=compiled Java code, j=interpreted, Vv=VM code, C=native code)
V  [jvm.dll+0x6d68d9]
V  [jvm.dll+0x866693]
V  [jvm.dll+0x868c4e]
V  [jvm.dll+0x869333]
V  [jvm.dll+0x280566]
V  [jvm.dll+0x6d3195]
V  [jvm.dll+0x6c69ea]
V  [jvm.dll+0x3586db]
V  [jvm.dll+0x360336]
V  [jvm.dll+0x3b23f6]
V  [jvm.dll+0x3b26c8]
V  [jvm.dll+0x32ae6c]
V  [jvm.dll+0x32bb5b]
V  [jvm.dll+0x82e109]
V  [jvm.dll+0x3bf5c8]
V  [jvm.dll+0x817388]
V  [jvm.dll+0x453b6e]
V  [jvm.dll+0x4552d1]
C  [jli.dll+0x52ab]
C  [ucrtbase.dll+0x37b0]
C  [KERNEL32.DLL+0x2e8d7]
C  [ntdll.dll+0x8c40c]


---------------  P R O C E S S  ---------------

Threads class SMR info:
_java_thread_list=0x00007fffb0f6b988, length=0, elements={
}

Java Threads: ( => current thread )
Total: 0

Other Threads:
  0x000001aa11613910 WorkerThread "GC Thread#0"                     [id=38492, stack(0x000000730c700000,0x000000730c800000) (1024K)]
  0x000001aa11624770 ConcurrentGCThread "G1 Main Marker"            [id=26936, stack(0x000000730c800000,0x000000730c900000) (1024K)]
  0x000001aa116270c0 WorkerThread "G1 Conc#0"                       [id=12964, stack(0x000000730c900000,0x000000730ca00000) (1024K)]

[error occurred during error reporting (printing all threads), id 0xc0000005, EXCEPTION_ACCESS_VIOLATION (0xc0000005) at pc=0x00007fffb075ddd7]
VM state: not at safepoint (not fully initialized)

VM Mutex/Monitor currently owned by a thread:  ([mutex/lock_event])
[0x00007fffb0fd86b8] Heap_lock - owner thread: 0x000001aa11042c90

Heap address: 0x0000000603000000, size: 8144 MB, Compressed Oops mode: Zero based, Oop shift amount: 3

CDS archive(s) mapped at: [0x0000000000000000-0x0000000000000000-0x0000000000000000), size 0, SharedBaseAddress: 0x0000000800000000, ArchiveRelocationMode: 1.
Narrow klass base: 0x0000000000000000, Narrow klass shift: 0, Narrow klass range: 0x0

GC Precious Log:
 CardTable entry size: 512
 Card Set container configuration: InlinePtr #cards 4 size 8 Array Of Cards #cards 32 size 80 Howl #buckets 8 coarsen threshold 7372 Howl Bitmap #cards 1024 size 144 coarsen threshold 921 Card regions per heap region 1 cards per card region 8192

Heap:
 garbage-first heap   total 0K, used 0K [0x0000000603000000, 0x0000000800000000)
  region size 4096K, 0 young (0K), 0 survivors (0K)
 Metaspace       used 0K, committed 0K, reserved 0K
  class space    used 0K, committed 0K, reserved 0K

Heap Regions: E=young(eden), S=young(survivor), O=old, HS=humongous(starts), HC=humongous(continues), CS=collection set, F=free, TAMS=top-at-mark-start, PB=parsable bottom

Card table byte_map: [0x000001aa26d80000,0x000001aa27d70000] _byte_map_base: 0x000001aa23d68000

Marking Bits: (CMBitMap*) 0x000001aa11614010
 Bits: [0x000001aa27d70000, 0x000001aa2fcb0000)

GC Heap History (0 events):
No events

Dll operation events (1 events):
Event: 0.013 Loaded shared library C:\Program Files\Android\Android Studio\jbr\bin\java.dll

Deoptimization events (0 events):
No events

Classes loaded (0 events):
No events

Classes unloaded (0 events):
No events

Classes redefined (0 events):
No events

Internal exceptions (0 events):
No events

ZGC Phase Switch (0 events):
No events

VM Operations (0 events):
No events

Memory protections (0 events):
No events

Nmethod flushes (0 events):
No events

Events (0 events):
No events


Dynamic libraries:
0x00007ff6d3820000 - 0x00007ff6d382a000 	C:\Program Files\Android\Android Studio\jbr\bin\java.exe
0x00007ff8c0580000 - 0x00007ff8c07e8000 	C:\WINDOWS\SYSTEM32\ntdll.dll
0x00007ff8bf020000 - 0x00007ff8bf0e9000 	C:\WINDOWS\System32\KERNEL32.DLL
0x00007ff8bddf0000 - 0x00007ff8be1e1000 	C:\WINDOWS\System32\KERNELBASE.dll
0x00007ff8bd1e0000 - 0x00007ff8bd32b000 	C:\WINDOWS\System32\ucrtbase.dll
0x00007ff8a3940000 - 0x00007ff8a395b000 	C:\Program Files\Android\Android Studio\jbr\bin\VCRUNTIME140.dll
0x00007ff89bba0000 - 0x00007ff89bbb8000 	C:\Program Files\Android\Android Studio\jbr\bin\jli.dll
0x00007ff8be8c0000 - 0x00007ff8bea86000 	C:\WINDOWS\System32\USER32.dll
0x00007ff8bd330000 - 0x00007ff8bd357000 	C:\WINDOWS\System32\win32u.dll
0x00007ff899810000 - 0x00007ff899aa3000 	C:\WINDOWS\WinSxS\amd64_microsoft.windows.common-controls_6595b64144ccf1df_6.0.26100.7824_none_3e0870b2e3345462\COMCTL32.dll
0x00007ff8bed50000 - 0x00007ff8bedf9000 	C:\WINDOWS\System32\msvcrt.dll
0x00007ff8bfa20000 - 0x00007ff8bfa4b000 	C:\WINDOWS\System32\GDI32.dll
0x00007ff8be1f0000 - 0x00007ff8be31b000 	C:\WINDOWS\System32\gdi32full.dll
0x00007ff8bdbd0000 - 0x00007ff8bdc73000 	C:\WINDOWS\System32\msvcp_win.dll
0x00007ff8bf0f0000 - 0x00007ff8bf121000 	C:\WINDOWS\System32\IMM32.DLL
0x00007ff8aac80000 - 0x00007ff8aac8c000 	C:\Program Files\Android\Android Studio\jbr\bin\vcruntime140_1.dll
0x00007ff8932d0000 - 0x00007ff89335d000 	C:\Program Files\Android\Android Studio\jbr\bin\msvcp140.dll
0x00007fffb0420000 - 0x00007fffb10b6000 	C:\Program Files\Android\Android Studio\jbr\bin\server\jvm.dll
0x00007ff8bf8e0000 - 0x00007ff8bf994000 	C:\WINDOWS\System32\ADVAPI32.dll
0x00007ff8be320000 - 0x00007ff8be3c6000 	C:\WINDOWS\System32\sechost.dll
0x00007ff8bef00000 - 0x00007ff8bf018000 	C:\WINDOWS\System32\RPCRT4.dll
0x00007ff8be550000 - 0x00007ff8be5c4000 	C:\WINDOWS\System32\WS2_32.dll
0x00007ff8bc6c0000 - 0x00007ff8bc71e000 	C:\WINDOWS\SYSTEM32\POWRPROF.dll
0x00007ff88f750000 - 0x00007ff88f785000 	C:\WINDOWS\SYSTEM32\WINMM.dll
0x00007ff8b1610000 - 0x00007ff8b161b000 	C:\WINDOWS\SYSTEM32\VERSION.dll
0x00007ff8bc6a0000 - 0x00007ff8bc6b4000 	C:\WINDOWS\SYSTEM32\UMPDC.dll
0x00007ff8bbbc0000 - 0x00007ff8bbbdb000 	C:\WINDOWS\SYSTEM32\kernel.appcore.dll
0x00007ff8a3f00000 - 0x00007ff8a3f0a000 	C:\Program Files\Android\Android Studio\jbr\bin\jimage.dll
0x00007ff8babd0000 - 0x00007ff8bae12000 	C:\WINDOWS\SYSTEM32\DBGHELP.DLL
0x00007ff8bfa50000 - 0x00007ff8bfdd6000 	C:\WINDOWS\System32\combase.dll
0x00007ff8bec40000 - 0x00007ff8bed17000 	C:\WINDOWS\System32\OLEAUT32.dll
0x00007ff8a8010000 - 0x00007ff8a804b000 	C:\WINDOWS\SYSTEM32\dbgcore.DLL
0x00007ff8bdd40000 - 0x00007ff8bdde5000 	C:\WINDOWS\System32\bcryptPrimitives.dll
0x00007ff8a3780000 - 0x00007ff8a37a0000 	C:\Program Files\Android\Android Studio\jbr\bin\java.dll

JVMTI agents: none

dbghelp: loaded successfully - version: 4.0.5 - missing functions: none
symbol engine: initialized successfully - sym options: 0x614 - pdb path: .;C:\Program Files\Android\Android Studio\jbr\bin;C:\WINDOWS\SYSTEM32;C:\WINDOWS\WinSxS\amd64_microsoft.windows.common-controls_6595b64144ccf1df_6.0.26100.7824_none_3e0870b2e3345462;C:\Program Files\Android\Android Studio\jbr\bin\server

VM Arguments:
java_command: git4idea.http.GitAskPassApp Username for 'https://github.com': 
java_class_path (initial): C:/Program Files/Android/Android Studio/plugins/vcs-git/lib/git4idea-rt.jar;C:/Program Files/Android/Android Studio/lib/externalProcess-rt.jar
Launcher Type: SUN_STANDARD

[Global flags]
     intx CICompilerCount                          = 12                                        {product} {ergonomic}
     uint ConcGCThreads                            = 3                                         {product} {ergonomic}
     uint G1ConcRefinementThreads                  = 13                                        {product} {ergonomic}
   size_t G1HeapRegionSize                         = 4194304                                   {product} {ergonomic}
    uintx GCDrainStackTargetSize                   = 64                                        {product} {ergonomic}
   size_t InitialHeapSize                          = 536870912                                 {product} {ergonomic}
   size_t MarkStackSize                            = 4194304                                   {product} {ergonomic}
   size_t MaxHeapSize                              = 8539602944                                {product} {ergonomic}
   size_t MinHeapDeltaBytes                        = 4194304                                   {product} {ergonomic}
   size_t MinHeapSize                              = 8388608                                   {product} {ergonomic}
    uintx NonNMethodCodeHeapSize                   = 7602480                                {pd product} {ergonomic}
    uintx NonProfiledCodeHeapSize                  = 122027880                              {pd product} {ergonomic}
    uintx ProfiledCodeHeapSize                     = 122027880                              {pd product} {ergonomic}
    uintx ReservedCodeCacheSize                    = 251658240                              {pd product} {ergonomic}
     bool SegmentedCodeCache                       = true                                      {product} {ergonomic}
   size_t SoftMaxHeapSize                          = 8539602944                             {manageable} {ergonomic}
     bool UseCompressedOops                        = true                           {product lp64_product} {ergonomic}
     bool UseG1GC                                  = true                                      {product} {ergonomic}
     bool UseLargePagesIndividualAllocation        = false                                  {pd product} {ergonomic}

Logging:
Log output configuration:
 #0: stdout all=warning uptime,level,tags foldmultilines=false
 #1: stderr all=off uptime,level,tags foldmultilines=false

Environment Variables:
JAVA_HOME=C:\Program Files\Java\jdk-21\
PATH=C:\Program Files\Git\mingw64\libexec\git-core;C:\Program Files\Git\mingw64\libexec\git-core;C:\Program Files\Git\mingw64\bin;C:\Program Files\Git\usr\bin;C:\Users\Omar\bin;C:\Program Files\Microsoft\jdk-25.0.0.36-hotspot\bin;C:\Program Files\Java\jdk-21\bin;C:\Program Files\Common Files\Oracle\Java\javapath;D:\php-8.4.6;C:\WINDOWS\system32;C:\WINDOWS;C:\Program Files\PowerShell\7;C:\WINDOWS\System32\Wbem;C:\WINDOWS\System32\WindowsPowerShell\v1.0;C:\WINDOWS\System32\OpenSSH;C:\Program Files\Microsoft VS Code\bin;C:\Program Files\nodejs;C:\FPC\3.2.2\bin\i386-Win32;C:\Program Files\Git\cmd;C:\Program Files\PuTTY;C:\Users\Omar\AppData\Local\Programs\cursor\resources\app\bin;C:\WINDOWS\system32;C:\WINDOWS;C:\WINDOWS\System32\Wbem;C:\WINDOWS\System32\WindowsPowerShell\v1.0;C:\WINDOWS\System32\OpenSSH;D:\scrcpy-win64-v3.3.3;C:\Program Files\PowerShell\7-preview\preview;C:\Users\Omar\Documents\Algo-compiler\build\libs;C:\Users\Omar\AppData\Local\Android\Sdk\platform-tools;C:\Users\Omar\AppData\Local\Programs\Python\Python312\Scripts;C:\Users\Omar\AppData\Local\Programs\Python\Python312;C:\Users\Omar\AppData\Local\Programs\Python\Launcher;C:\Users\Omar\AppData\Local\Microsoft\WindowsApps;C:\msys64\ucrt64\bin;C:\Users\Omar\AppData\Local\Microsoft\WindowsApps;C:\Users\Omar\AppData\Local\Microsoft\WinGet\Links;C:\Users\Omar\AppData\Roaming\npm;C:\Program Files\Vim\vim91;C:\FPC\3.2.2\bin\i386-win32;C:\Users\Omar\AppData\Local\Programs\MiKTeX\miktex\bin\x64;C:\Program Files\JetBrains\IntelliJ IDEA Community Edition 2024.2.1\bin;C:\kotlinc\bin;C:\xampp\php;C:\xampp\mysql\bin;C:\Users\Omar\AppData\Local\Android\Sdk\build-tools;C:\Users\Omar\AppData\Local\Programs\cursor\resources\app\bin;C:\Users\Omar\AppData\Local\Android\Sdk\emulator;C:\Users\Omar\AppData\Local\Android\Sdk\cmdline-tools\latest\bin;C:\Program Files\Android\Android Studio\bin;C:\Users\Omar\.gradle\wrapper\dists\gradle-8.10.2-bin\a04bxjujx95o3nb99gddekhwo\gradle-8.10.2\bin;C:\Users\Omar\AppData\Local\Android\Sdk\cmdline-tools\bin;C:\kotlin-server\bin;C:\Program Files\JetBrains\IntelliJ IDEA 2024.3.5\bin;C:\Users\Omar\AppData\Local\JetBrains\Toolbox\scripts;C:\Users\Omar\AppData\Local\Microsoft\WindowsApps
USERNAME=Omar
DISPLAY=:0.0
LC_ALL=en_US.UTF-8
TERM=xterm-256color
TMPDIR=C:\Users\Omar\AppData\Local\Temp
OS=Windows_NT
PROCESSOR_IDENTIFIER=Intel64 Family 6 Model 158 Stepping 13, GenuineIntel
TMP=C:\Users\Omar\AppData\Local\Temp
TEMP=C:\Users\Omar\AppData\Local\Temp




Periodic native trim disabled

JNI global refs:
JNI global refs: 0, weak refs: 0

JNI global refs memory usage: 0, weak refs: 0

Process memory usage:
Resident Set Size: 13316K (0% of 33356232K total physical memory with 11219928K free physical memory)

OOME stack traces (most recent first):
Classloader memory used:

---------------  S Y S T E M  ---------------

OS:
 Windows 11 , 64 bit Build 26100 (10.0.26100.7705)
OS uptime: 6 days 2:09 hours
Hyper-V role detected

CPU: total 16 (initial active 16) (8 cores per cpu, 2 threads per core) family 6 model 158 stepping 13 microcode 0x100, cx8, cmov, fxsr, ht, mmx, 3dnowpref, sse, sse2, sse3, ssse3, sse4.1, sse4.2, popcnt, lzcnt, tsc, tscinvbit, avx, avx2, aes, erms, clmul, bmi1, bmi2, adx, fma, vzeroupper, clflush, clflushopt, hv, rdtscp, f16c
Processor Information for the first 16 processors :
  Max Mhz: 2304, Current Mhz: 1903, Mhz Limit: 2304

Memory: 4k page, system-wide physical 32574M (10956M free)
TotalPageFile size 32574M (AvailPageFile size 205M)
current process WorkingSet (physical memory assigned to process): 13M, peak: 13M
current process commit charge ("private bytes"): 71M, peak: 583M

vm_info: OpenJDK 64-Bit Server VM (21.0.8+-14196175-b1038.72) for windows-amd64 JRE (21.0.8+-14196175-b1038.72), built on 2025-10-01T10:24:33Z by "builder" with MS VC++ 16.10 / 16.11 (VS2019)

END.
